// Jest Snapshot v1, https://goo.gl/fbAQLP

exports[`ArticleList renders correctly 1`] = `
<div>
  <div
    style={
      Object {
        "borderBotomWidth": 1,
        "borderBottomColor": "#aaa",
        "borderBottomStyle": "solid",
        "marginBottom": 10,
        "paddingBottom": 10,
      }
    }
  >
    <div
      style={
        Object {
          "fontWeight": "bold",
        }
      }
    >
       
       
    </div>
    <div
      style={
        Object {
          "color": "#655",
          "fontSize": "0.85em",
        }
      }
    >
       
      Invalid Date
       
    </div>
    <div
      style={
        Object {
          "paddingBottom": 10,
          "paddingTop": 10,
        }
      }
    >
      <a>
         
      </a>
    </div>
    <div
      style={
        Object {
          "paddingLeft": 20,
        }
      }
    />
  </div>
  <div
    style={
      Object {
        "borderBotomWidth": 1,
        "borderBottomColor": "#aaa",
        "borderBottomStyle": "solid",
        "marginBottom": 10,
        "paddingBottom": 10,
      }
    }
  >
    <div
      style={
        Object {
          "fontWeight": "bold",
        }
      }
    >
       
       
    </div>
    <div
      style={
        Object {
          "color": "#655",
          "fontSize": "0.85em",
        }
      }
    >
       
      Invalid Date
       
    </div>
    <div
      style={
        Object {
          "paddingBottom": 10,
          "paddingTop": 10,
        }
      }
    >
      <a>
         
      </a>
    </div>
    <div
      style={
        Object {
          "paddingLeft": 20,
        }
      }
    />
  </div>
</div>
`;
